// Jest Snapshot v1, https://goo.gl/fbAQLP

exports[`simple javascript string 1`] = `
"var a = 
'abc';"
`;
